[DEBUG][2025-12-09 09:45:13,288][_venv_cert_access]: 🛈  Using virtal env -> Modified SSL certificates file to /etc/ssl/certs/ca-certificates.crt
[INFO][2025-12-09 09:45:13,290][__init__]: 🛈  MyApp instance successfully initialized !
Using 'MyApp' program located at 'C:\Program Files (x86)\MyApp'
[DEBUG][2025-12-09 09:45:13,301][clear_directory]: Clearing: 'remote/*'
 ∅  Empty directory, no files to delete...
[INFO][2025-12-09 09:45:13,545][parallel_download]: 📥  Started multithreaded download of 4 source files on repo MyRepo...
> Source repository url: https://www.example.com/MyRepo
[DEBUG][2025-12-09 09:45:14,336][parallel_download]: ✔  All 4 items got successfully downloaded under the path binaries/MyRepo/*
[INFO][2025-12-09 09:45:15,270][unzip_all]: 📥  Unzipping 4 source files from: binaries/MyRepo
[DEBUG][2025-12-09 09:45:15,314][unzip_all]: ✔  All 4 archives were successfully extracted at: binaries/MyRepo/*
[DEBUG][2025-12-09 09:45:16,463][clear_directory]: Clearing: 'mydir/*.zip'
(Filtering with specified file extension: '.zip')
 🗑  Deleted file: mydir/*.zip.zip
 🗑  Deleted file: mydir/*.zip.zip
 🗑  Deleted file: mydir/*.zip.zip
 🗑  Deleted file: mydir/*.zip.zip
[INFO][2025-12-09 09:45:16,463][launch_exe]: 🖳  Launching MyApp !
[DEBUG][2025-12-09 09:45:16,463][run]: 🖧  Executing: 'echo hello world!' on 172.31.3.1...
[WARNING][2025-12-09 09:45:16,485][run]: [172.31.3.1] Fail !
[WARNING][2025-12-09 09:45:31,527][__init__]: Unexpected error for SSH connection :
Target is unreachable !